[0m11:30:41.640608 [debug] [MainThread]: Sending event: {'category': 'dbt', 'action': 'invocation', 'label': 'start', 'context': [<snowplow_tracker.self_describing_json.SelfDescribingJson object at 0x0000023945FDA120>, <snowplow_tracker.self_describing_json.SelfDescribingJson object at 0x0000023948757ED0>, <snowplow_tracker.self_describing_json.SelfDescribingJson object at 0x0000023948757B10>]}


============================== 11:30:41.645296 | 12fdece5-5684-4eb2-9d82-37ea2bfcc3ca ==============================
[0m11:30:41.645296 [info ] [MainThread]: Running with dbt=1.12.0
[0m11:30:41.646164 [debug] [MainThread]: running dbt with arguments {'maximum_seed_size_mib': '1', 'no_print': 'None', 'version_check': 'True', 'warn_error_options': 'WarnErrorOptionsV2(error=[], warn=[], silence=[])', 'static_parser': 'True', 'target_path': 'None', 'printer_width': '80', 'write_json': 'True', 'introspect': 'True', 'log_cache_events': 'False', 'empty': 'None', 'cache_selected_only': 'False', 'log_format': 'default', 'debug': 'False', 'fail_fast': 'False', 'profiles_dir': 'C:\\Users\\Jovy Carreon\\.dbt', 'send_anonymous_usage_stats': 'True', 'quiet': 'False', 'warn_error': 'None', 'partial_parse': 'True', 'invocation_command': 'dbt deps', 'hints_enabled': 'True', 'use_colors': 'True', 'use_experimental_parser': 'False', 'indirect_selection': 'eager', 'log_path': 'logs'}
[0m11:30:41.646832 [error] [MainThread]: [[31mERROR[0m]: Encountered an error:
Runtime Error
  No dbt_project.yml found at expected path C:\Projects\analytics-portfolio\vespera-analytics-platform\docs\02_architecture\dbt_project.yml
  Verify that each entry within packages.yml (and their transitive dependencies) contains a file named dbt_project.yml
  
[0m11:30:41.647445 [debug] [MainThread]: Command `dbt deps` failed at 11:30:41.647329 after 0.14 seconds
[0m11:30:41.647721 [debug] [MainThread]: Sending event: {'category': 'dbt', 'action': 'invocation', 'label': 'end', 'context': [<snowplow_tracker.self_describing_json.SelfDescribingJson object at 0x00000239487763F0>, <snowplow_tracker.self_describing_json.SelfDescribingJson object at 0x000002394867ED50>, <snowplow_tracker.self_describing_json.SelfDescribingJson object at 0x00000239487867A0>]}
[0m11:30:41.648011 [debug] [MainThread]: Flushing usage events
[0m11:30:43.050130 [debug] [MainThread]: An error was encountered while trying to flush usage events
[0m11:30:45.649799 [debug] [MainThread]: Sending event: {'category': 'dbt', 'action': 'invocation', 'label': 'start', 'context': [<snowplow_tracker.self_describing_json.SelfDescribingJson object at 0x00000123FC1AD7F0>, <snowplow_tracker.self_describing_json.SelfDescribingJson object at 0x00000123FE8F3ED0>, <snowplow_tracker.self_describing_json.SelfDescribingJson object at 0x00000123FE8F3890>]}


============================== 11:30:45.653406 | 30558a0d-9f3d-43a4-b69d-890cdfac91b6 ==============================
[0m11:30:45.653406 [info ] [MainThread]: Running with dbt=1.12.0
[0m11:30:45.653856 [debug] [MainThread]: running dbt with arguments {'static_parser': 'True', 'no_print': 'None', 'version_check': 'True', 'target_path': 'None', 'maximum_seed_size_mib': '1', 'warn_error_options': 'WarnErrorOptionsV2(error=[], warn=[], silence=[])', 'printer_width': '80', 'write_json': 'True', 'introspect': 'True', 'log_cache_events': 'False', 'empty': 'None', 'cache_selected_only': 'False', 'fail_fast': 'False', 'debug': 'False', 'log_format': 'default', 'partial_parse': 'True', 'send_anonymous_usage_stats': 'True', 'quiet': 'False', 'warn_error': 'None', 'profiles_dir': 'C:\\Users\\Jovy Carreon\\.dbt', 'use_colors': 'True', 'hints_enabled': 'True', 'invocation_command': 'dbt debug', 'use_experimental_parser': 'False', 'indirect_selection': 'eager', 'log_path': 'logs'}
[0m11:30:45.668731 [info ] [MainThread]: dbt version: 1.12.0
[0m11:30:45.669049 [info ] [MainThread]: python version: 3.13.14
[0m11:30:45.669280 [info ] [MainThread]: python path: C:\Users\Jovy Carreon\AppData\Local\Programs\Python\Python313\python.exe
[0m11:30:45.669699 [info ] [MainThread]: os info: Windows-11-10.0.26200-SP0
[0m11:30:45.670095 [info ] [MainThread]: Using profiles dir at C:\Users\Jovy Carreon\.dbt
[0m11:30:45.670373 [info ] [MainThread]: Using profiles.yml file at C:\Users\Jovy Carreon\.dbt\profiles.yml
[0m11:30:45.670604 [info ] [MainThread]: Using dbt_project.yml file at C:\Projects\analytics-portfolio\vespera-analytics-platform\docs\02_architecture\dbt_project.yml
[0m11:30:45.670953 [info ] [MainThread]: Configuration:
[0m11:30:45.671254 [info ] [MainThread]:   profiles.yml file [[31mERROR not found[0m]
[0m11:30:45.671904 [info ] [MainThread]:   dbt_project.yml file [[31mERROR not found[0m]
[0m11:30:45.672242 [info ] [MainThread]: Required dependencies:
[0m11:30:45.672541 [debug] [MainThread]: Executing "git --help"
[0m11:30:45.705679 [debug] [MainThread]: STDOUT: "b"usage: git [-v | --version] [-h | --help] [-C <path>] [-c <name>=<value>]\n           [--exec-path[=<path>]] [--html-path] [--man-path] [--info-path]\n           [-p | --paginate | -P | --no-pager] [--no-replace-objects] [--no-lazy-fetch]\n           [--no-optional-locks] [--no-advice] [--bare] [--git-dir=<path>]\n           [--work-tree=<path>] [--namespace=<name>] [--config-env=<name>=<envvar>]\n           <command> [<args>]\n\nThese are common Git commands used in various situations:\n\nstart a working area (see also: git help tutorial)\n   clone      Clone a repository into a new directory\n   init       Create an empty Git repository or reinitialize an existing one\n\nwork on the current change (see also: git help everyday)\n   add        Add file contents to the index\n   mv         Move or rename a file, a directory, or a symlink\n   restore    Restore working tree files\n   rm         Remove files from the working tree and from the index\n\nexamine the history and state (see also: git help revisions)\n   bisect     Use binary search to find the commit that introduced a bug\n   diff       Show changes between commits, commit and working tree, etc\n   grep       Print lines matching a pattern\n   log        Show commit logs\n   show       Show various types of objects\n   status     Show the working tree status\n\ngrow, mark and tweak your common history\n   backfill   Download missing objects in a partial clone\n   branch     List, create, or delete branches\n   commit     Record changes to the repository\n   history    EXPERIMENTAL: Rewrite history\n   merge      Join two or more development histories together\n   rebase     Reapply commits on top of another base tip\n   reset      Set `HEAD` or the index to a known state\n   switch     Switch branches\n   tag        Create, list, delete or verify tags\n\ncollaborate (see also: git help workflows)\n   fetch      Download objects and refs from another repository\n   pull       Fetch from and integrate with another repository or a local branch\n   push       Update remote refs along with associated objects\n\n'git help -a' and 'git help -g' list available subcommands and some\nconcept guides. See 'git help <command>' or 'git help <concept>'\nto read about a specific subcommand or concept.\nSee 'git help git' for an overview of the system.\n""
[0m11:30:45.706069 [debug] [MainThread]: STDERR: "b''"
[0m11:30:45.706378 [info ] [MainThread]:  - git [[32mOK found[0m]

[0m11:30:45.706747 [info ] [MainThread]: Connection test skipped since no profile was found
[0m11:30:45.707047 [info ] [MainThread]: [31m2 checks failed:[0m
[0m11:30:45.707276 [info ] [MainThread]: dbt looked for a profiles.yml file in C:\Users\Jovy Carreon\.dbt\profiles.yml, but did
not find one. For more information on configuring your profile, consult the
documentation:

https://docs.getdbt.com/docs/configure-your-profile


[0m11:30:45.707537 [info ] [MainThread]: Project loading failed for the following reason:
 project path <C:\Projects\analytics-portfolio\vespera-analytics-platform\docs\02_architecture\dbt_project.yml> not found

[0m11:30:45.708139 [debug] [MainThread]: Command `dbt debug` failed at 11:30:45.708021 after 0.18 seconds
[0m11:30:45.708413 [debug] [MainThread]: Sending event: {'category': 'dbt', 'action': 'invocation', 'label': 'end', 'context': [<snowplow_tracker.self_describing_json.SelfDescribingJson object at 0x00000123FE9B0510>, <snowplow_tracker.self_describing_json.SelfDescribingJson object at 0x00000123FE7B6450>, <snowplow_tracker.self_describing_json.SelfDescribingJson object at 0x00000123FE932E00>]}
[0m11:30:45.708721 [debug] [MainThread]: Flushing usage events
[0m11:30:46.866881 [debug] [MainThread]: An error was encountered while trying to flush usage events
